module FnBasic

pub fn clamp_pos(x: i64 where x >= 0, hi: i64) -> i64 vow {
    requires: hi >= 0
    ensures: result >= 0 && result <= hi
};

fn effects_all(v: Vec<i64>, label: String) -> Option<Vec<Option<i64>>> [io, panic, read, unsafe, write];

fn unit_pure(a: i64);

fn tuple_ret(a: i64) -> (i64, bool);

pub fn main() -> i32 [io];
