requires if x > 0 {\n    true\n} else {\n    false\n}
requires if x > 0 {\n    x > 1\n} else if x < -5 {\n    false\n} else {\n    true\n}
requires {\n    let c: i64 = if x > 0 {\n    1\n} else {\n    2\n};\n    c > 0\n}
requires {\n    {\n    x > 0\n}\n}
ensures result == if x > 0 {\n    1\n} else {\n    2\n}
requires match s {\n    Shape::Empty => true,\n    Shape::Circle(r) => r > 0,\n    Shape::Rect(w, _) => w > 0,\n}
requires match s {\n    Shape::Empty => false,\n    other => x > 1,\n}
requires match s {\n    Shape::Circle(r) => {\n    r > 0\n},\n    _ => true,\n}
requires match s {\n    Shape::Empty => true,\n    Shape::Circle(_) => {\n    let q: i64 = 1;\n    q > 0\n},\n    _ => true,\n}
requires match s {\n    Shape::Empty => true,\n    Shape::Circle(r) => if r > 0 {\n    true\n} else {\n    false\n},\n    _ => true,\n}
requires x != 1 || match s {\n    Shape::Rect(w, h) => w == h,\n    _ => false,\n}
requires {\n    let y: i64 = x + 1;\n    y > 0\n}
requires {\n    let y = x;\n    let z: i64 = y + 1;\n    z;\n    y < z\n}
requires {\n    let mut y: i64 = x + 1;\n    y = y + 1;\n    y > 0\n}
requires {\n    if x > 0 {\n    return x;\n}\n    true\n}
requires {\n    let mut i: i64 = 0;\n    while i < 3 {\n    i = i + 1;\n}\n    i == 3\n}
requires {\n    let mut i: i64 = 0;\n    while i < 3 vow {\n    invariant: i >= 0\n} {\n    i = i + 1;\n}\n    i == 3\n}
invariant i >= 0
requires {\n    let mut i: i64 = 0;\n    loop {\n    if i > 3 {\n    break;\n}\n    i = i + 1;\n}\n    i == 3\n}
requires {\n    let mut i: i64 = 0;\n    let r: i64 = loop vow {\n    invariant: i >= 0\n} {\n    if i > 3 {\n    break i;\n}\n    i = i + 1;\n};\n    r == 4\n}
invariant i >= 0
requires {\n    let mut t: i64 = 0;\n    for e in v {\n    t = t + e;\n}\n    t >= 0\n}
requires {\n    let mut t: i64 = 0;\n    for e in v vow {\n    invariant: t >= 0\n} {\n    if e > 3 {\n    continue;\n}\n    t = t + e;\n}\n    t >= 0\n}
invariant t >= 0
requires p.x == 1 && Point { x: 1, y: 2 }.y == 2
requires {\n    let q: Shape = Shape::Circle(3);\n    true\n}
requires {\n    let q: Shape = Shape::Rect(3, 4);\n    true\n}
requires {\n    let q: Shape = Shape::Empty;\n    true\n}
requires {\n    let o: Option<i64> = Option::Some(3);\n    true\n}
requires {\n    let o: Option<i64> = Option::None;\n    true\n}
requires {\n    let q: &i64 = r;\n    true\n}
requires {\n    let q: (i64, i64) = t;\n    true\n}
requires {\n    let q: Vec<i64> = v;\n    true\n}
